// Jest Snapshot v1, https://goo.gl/fbAQLP

exports[`Pruebas en <MultipleCustomHooks /> Debe de mostrarse correctamente 1`] = `
<div
  className="container"
>
  <h1>
    Breaking Bad Quotes
  </h1>
  <hr />
  <div
    className="quote"
  >
    <SpinnerChase />
  </div>
  <div
    className="paginacion"
  >
    <button
      className="btn btn-success"
    >
      Prev Quote
    </button>
    <button
      className="btn btn-success"
      onClick={[Function]}
    >
      Next Quote
    </button>
  </div>
</div>
`;
